0 verbose cli C:\Program Files\nodejs\node.exe C:\Program Files\nodejs\node_modules\npm\bin\npm-cli.js
1 info using npm@11.6.2
2 info using node@v25.2.1
3 silly config load:file:C:\Program Files\nodejs\node_modules\npm\npmrc
4 silly config load:file:G:\linshicunchuqu\人工智能C语言考试模拟系统\.npm-tools\.npmrc
5 silly config load:file:C:\Users\Lenovo\.npmrc
6 silly config load:file:G:\linshicunchuqu\人工智能C语言考试模拟系统\.npm-tools\etc\npmrc
7 verbose title npm install agent-browser
8 verbose argv "install" "agent-browser" "--prefix" "G:\\linshicunchuqu\\人工智能C语言考试模拟系统\\.npm-tools" "--cache" "G:\\linshicunchuqu\\人工智能C语言考试模拟系统\\.npm-cache"
9 verbose logfile logs-max:10 dir:G:\linshicunchuqu\人工智能C语言考试模拟系统\.npm-cache\_logs\2026-06-22T07_19_26_181Z-
10 verbose logfile G:\linshicunchuqu\人工智能C语言考试模拟系统\.npm-cache\_logs\2026-06-22T07_19_26_181Z-debug-0.log
11 silly logfile done cleaning log files
12 silly packumentCache heap:4496293888 maxSize:1124073472 maxEntrySize:562036736
13 silly idealTree buildDeps
14 silly fetch manifest agent-browser@*
15 silly packumentCache full:https://registry.npmmirror.com/agent-browser cache-miss
16 http fetch GET 200 https://registry.npmmirror.com/agent-browser 129ms (cache miss)
17 silly packumentCache full:https://registry.npmmirror.com/agent-browser set size:72524 disposed:false
18 silly placeDep ROOT agent-browser@0.29.1 OK for:  want: *
19 silly reify moves {}
20 silly audit bulk request {
20 silly audit   'ansi-regex': [ '5.0.1' ],
20 silly audit   'ansi-styles': [ '4.3.0' ],
20 silly audit   axios: [ '0.21.4' ],
20 silly audit   cliui: [ '7.0.4' ],
20 silly audit   'color-convert': [ '2.0.1' ],
20 silly audit   'color-name': [ '1.1.4' ],
20 silly audit   debug: [ '4.3.2' ],
20 silly audit   'emoji-regex': [ '8.0.0' ],
20 silly audit   escalade: [ '3.2.0' ],
20 silly audit   'follow-redirects': [ '1.16.0' ],
20 silly audit   'get-caller-file': [ '2.0.5' ],
20 silly audit   'is-fullwidth-code-point': [ '3.0.0' ],
20 silly audit   localtunnel: [ '2.0.2' ],
20 silly audit   ms: [ '2.1.2' ],
20 silly audit   openurl: [ '1.1.1' ],
20 silly audit   'require-directory': [ '2.1.1' ],
20 silly audit   'string-width': [ '4.2.3' ],
20 silly audit   'strip-ansi': [ '6.0.1' ],
20 silly audit   'wrap-ansi': [ '7.0.0' ],
20 silly audit   y18n: [ '5.0.8' ],
20 silly audit   yargs: [ '17.1.1' ],
20 silly audit   'yargs-parser': [ '20.2.9' ],
20 silly audit   'agent-browser': [ '0.29.1' ]
20 silly audit }
21 http cache agent-browser@https://registry.npmmirror.com/agent-browser/-/agent-browser-0.29.1.tgz 0ms (cache hit)
22 silly tarball no local data for agent-browser@https://registry.npmmirror.com/agent-browser/-/agent-browser-0.29.1.tgz. Extracting by manifest.
23 http fetch POST 404 https://registry.npmmirror.com/-/npm/v1/security/advisories/bulk 17ms
24 verbose audit error HttpErrorGeneral: 404 Not Found - POST https://registry.npmmirror.com/-/npm/v1/security/advisories/bulk - [NOT_IMPLEMENTED] /-/npm/v1/security/* not implemented yet
24 verbose audit error     at C:\Program Files\nodejs\node_modules\npm\node_modules\npm-registry-fetch\lib\check-response.js:103:15
24 verbose audit error     at process.processTicksAndRejections (node:internal/process/task_queues:103:5)
24 verbose audit error     at async #getReport (C:\Program Files\nodejs\node_modules\npm\node_modules\@npmcli\arborist\lib\audit-report.js:275:19)
24 verbose audit error     at async AuditReport.run (C:\Program Files\nodejs\node_modules\npm\node_modules\@npmcli\arborist\lib\audit-report.js:100:19) {
24 verbose audit error   headers: [Object: null prototype] {
24 verbose audit error     server: [ 'Tengine' ],
24 verbose audit error     date: [ 'Mon, 22 Jun 2026 07:19:30 GMT' ],
24 verbose audit error     'content-type': [ 'application/json' ],
24 verbose audit error     'transfer-encoding': [ 'chunked' ],
24 verbose audit error     connection: [ 'keep-alive' ],
24 verbose audit error     'strict-transport-security': [ 'max-age=5184000' ],
24 verbose audit error     via: [ 'kunlun5.cn8966[,404666]' ],
24 verbose audit error     'timing-allow-origin': [ '*' ],
24 verbose audit error     eagleid: [ '701ddd0a17821127700375213e' ],
24 verbose audit error     'x-fetch-attempts': [ '1' ]
24 verbose audit error   },
24 verbose audit error   statusCode: 404,
24 verbose audit error   code: 'E404',
24 verbose audit error   method: 'POST',
24 verbose audit error   uri: 'https://registry.npmmirror.com/-/npm/v1/security/advisories/bulk',
24 verbose audit error   body: {
24 verbose audit error     error: '[NOT_IMPLEMENTED] /-/npm/v1/security/* not implemented yet'
24 verbose audit error   },
24 verbose audit error   pkgid: undefined
24 verbose audit error }
25 silly audit error [object Object]
26 silly audit report null
27 http fetch GET 200 https://cdn.npmmirror.com/packages/agent-browser/0.29.1/agent-browser-0.29.1.tgz 5446ms (cache miss)
28 info run agent-browser@0.29.1 postinstall node_modules/agent-browser node scripts/postinstall.js
29 info run agent-browser@0.29.1 postinstall { code: 0, signal: null }
30 silly ADD node_modules/agent-browser
31 verbose cwd G:\linshicunchuqu\人工智能C语言考试模拟系统
32 verbose os Windows_NT 10.0.26200
33 verbose node v25.2.1
34 verbose npm  v11.6.2
35 verbose exit 0
36 info ok
