0 verbose cli C:\Program Files\nodejs\node.exe C:\Program Files\nodejs\node_modules\npm\bin\npm-cli.js
1 info using npm@11.6.2
2 info using node@v25.2.1
3 silly config load:file:C:\Program Files\nodejs\node_modules\npm\npmrc
4 warn config optional Use `--omit=optional` to exclude optional dependencies, or
4 warn config `--include=optional` to include them.
4 warn config
4 warn config       Default value does install optional deps unless otherwise omitted.
5 silly config load:file:G:\linshicunchuqu\人工智能C语言考试模拟系统\.npm-tools\.npmrc
6 silly config load:file:C:\Users\Lenovo\.npmrc
7 silly config load:file:G:\linshicunchuqu\人工智能C语言考试模拟系统\.npm-tools\etc\npmrc
8 verbose title npm install localtunnel
9 verbose argv "install" "localtunnel" "--prefix" "G:\\linshicunchuqu\\人工智能C语言考试模拟系统\\.npm-tools" "--cache" "G:\\linshicunchuqu\\人工智能C语言考试模拟系统\\.npm-cache" "--no-optional"
10 verbose logfile logs-max:10 dir:G:\linshicunchuqu\人工智能C语言考试模拟系统\.npm-cache\_logs\2026-06-22T06_47_19_285Z-
11 verbose logfile G:\linshicunchuqu\人工智能C语言考试模拟系统\.npm-cache\_logs\2026-06-22T06_47_19_285Z-debug-0.log
12 silly logfile done cleaning log files
13 silly packumentCache heap:4496293888 maxSize:1124073472 maxEntrySize:562036736
14 silly idealTree buildDeps
15 silly fetch manifest localtunnel@*
16 silly packumentCache full:https://registry.npmmirror.com/localtunnel cache-miss
17 http cache https://registry.npmmirror.com/localtunnel 13ms (cache hit)
18 silly packumentCache full:https://registry.npmmirror.com/localtunnel set size:49444 disposed:false
19 silly placeDep ROOT localtunnel@2.0.2 OK for:  want: *
20 silly fetch manifest axios@0.21.4
21 silly packumentCache full:https://registry.npmmirror.com/axios cache-miss
22 silly fetch manifest debug@4.3.2
23 silly packumentCache full:https://registry.npmmirror.com/debug cache-miss
24 silly fetch manifest openurl@1.1.1
25 silly packumentCache full:https://registry.npmmirror.com/openurl cache-miss
26 silly fetch manifest yargs@17.1.1
27 silly packumentCache full:https://registry.npmmirror.com/yargs cache-miss
28 http cache https://registry.npmmirror.com/axios 13ms (cache hit)
29 silly packumentCache full:https://registry.npmmirror.com/axios set size:852162 disposed:false
30 http cache https://registry.npmmirror.com/yargs 19ms (cache hit)
31 silly packumentCache full:https://registry.npmmirror.com/yargs set size:671818 disposed:false
32 http cache https://registry.npmmirror.com/openurl 23ms (cache hit)
33 silly packumentCache full:https://registry.npmmirror.com/openurl set size:7609 disposed:false
34 http cache https://registry.npmmirror.com/debug 24ms (cache hit)
35 silly packumentCache full:https://registry.npmmirror.com/debug set size:163683 disposed:false
36 silly placeDep ROOT axios@0.21.4 OK for: localtunnel@2.0.2 want: 0.21.4
37 silly placeDep ROOT debug@4.3.2 OK for: localtunnel@2.0.2 want: 4.3.2
38 silly placeDep ROOT openurl@1.1.1 OK for: localtunnel@2.0.2 want: 1.1.1
39 silly placeDep ROOT yargs@17.1.1 OK for: localtunnel@2.0.2 want: 17.1.1
40 silly fetch manifest follow-redirects@^1.14.0
41 silly packumentCache full:https://registry.npmmirror.com/follow-redirects cache-miss
42 silly fetch manifest ms@2.1.2
43 silly packumentCache full:https://registry.npmmirror.com/ms cache-miss
44 silly fetch manifest cliui@^7.0.2
45 silly packumentCache full:https://registry.npmmirror.com/cliui cache-miss
46 silly fetch manifest escalade@^3.1.1
47 silly packumentCache full:https://registry.npmmirror.com/escalade cache-miss
48 silly fetch manifest get-caller-file@^2.0.5
49 silly packumentCache full:https://registry.npmmirror.com/get-caller-file cache-miss
50 silly fetch manifest require-directory@^2.1.1
51 silly packumentCache full:https://registry.npmmirror.com/require-directory cache-miss
52 silly fetch manifest string-width@^4.2.0
53 silly packumentCache full:https://registry.npmmirror.com/string-width cache-miss
54 silly fetch manifest y18n@^5.0.5
55 silly packumentCache full:https://registry.npmmirror.com/y18n cache-miss
56 silly fetch manifest yargs-parser@^20.2.2
57 silly packumentCache full:https://registry.npmmirror.com/yargs-parser cache-miss
58 http cache https://registry.npmmirror.com/cliui 26ms (cache hit)
59 silly packumentCache full:https://registry.npmmirror.com/cliui set size:61310 disposed:false
60 http cache https://registry.npmmirror.com/follow-redirects 29ms (cache hit)
61 silly packumentCache full:https://registry.npmmirror.com/follow-redirects set size:155007 disposed:false
62 http cache https://registry.npmmirror.com/get-caller-file 32ms (cache hit)
63 silly packumentCache full:https://registry.npmmirror.com/get-caller-file set size:19572 disposed:false
64 http cache https://registry.npmmirror.com/ms 34ms (cache hit)
65 silly packumentCache full:https://registry.npmmirror.com/ms set size:126047 disposed:false
66 http cache https://registry.npmmirror.com/escalade 35ms (cache hit)
67 silly packumentCache full:https://registry.npmmirror.com/escalade set size:26187 disposed:false
68 http cache https://registry.npmmirror.com/require-directory 35ms (cache hit)
69 silly packumentCache full:https://registry.npmmirror.com/require-directory set size:26456 disposed:false
70 http cache https://registry.npmmirror.com/yargs-parser 37ms (cache hit)
71 silly packumentCache full:https://registry.npmmirror.com/yargs-parser set size:193344 disposed:false
72 http cache https://registry.npmmirror.com/y18n 39ms (cache hit)
73 silly packumentCache full:https://registry.npmmirror.com/y18n set size:47173 disposed:false
74 http cache https://registry.npmmirror.com/string-width 40ms (cache hit)
75 silly packumentCache full:https://registry.npmmirror.com/string-width set size:62396 disposed:false
76 silly placeDep ROOT follow-redirects@1.16.0 OK for: axios@0.21.4 want: ^1.14.0
77 silly placeDep ROOT ms@2.1.2 OK for: debug@4.3.2 want: 2.1.2
78 silly placeDep ROOT cliui@7.0.4 OK for: yargs@17.1.1 want: ^7.0.2
79 silly placeDep ROOT escalade@3.2.0 OK for: yargs@17.1.1 want: ^3.1.1
80 silly placeDep ROOT get-caller-file@2.0.5 OK for: yargs@17.1.1 want: ^2.0.5
81 silly placeDep ROOT require-directory@2.1.1 OK for: yargs@17.1.1 want: ^2.1.1
82 silly placeDep ROOT string-width@4.2.3 OK for: yargs@17.1.1 want: ^4.2.0
83 silly placeDep ROOT y18n@5.0.8 OK for: yargs@17.1.1 want: ^5.0.5
84 silly placeDep ROOT yargs-parser@20.2.9 OK for: yargs@17.1.1 want: ^20.2.2
85 silly fetch manifest strip-ansi@^6.0.0
86 silly packumentCache full:https://registry.npmmirror.com/strip-ansi cache-miss
87 silly fetch manifest wrap-ansi@^7.0.0
88 silly packumentCache full:https://registry.npmmirror.com/wrap-ansi cache-miss
89 silly fetch manifest emoji-regex@^8.0.0
90 silly packumentCache full:https://registry.npmmirror.com/emoji-regex cache-miss
91 silly fetch manifest is-fullwidth-code-point@^3.0.0
92 silly packumentCache full:https://registry.npmmirror.com/is-fullwidth-code-point cache-miss
93 silly fetch manifest strip-ansi@^6.0.1
94 silly packumentCache full:https://registry.npmmirror.com/strip-ansi cache-miss
95 http cache https://registry.npmmirror.com/strip-ansi 22ms (cache hit)
96 silly packumentCache full:https://registry.npmmirror.com/strip-ansi set size:39163 disposed:false
97 http cache https://registry.npmmirror.com/emoji-regex 23ms (cache hit)
98 silly packumentCache full:https://registry.npmmirror.com/emoji-regex set size:78767 disposed:false
99 http cache https://registry.npmmirror.com/wrap-ansi 24ms (cache hit)
100 silly packumentCache full:https://registry.npmmirror.com/wrap-ansi set size:46835 disposed:false
101 http cache https://registry.npmmirror.com/strip-ansi 25ms (cache hit)
102 silly packumentCache full:https://registry.npmmirror.com/strip-ansi set size:39163 disposed:false
103 silly packumentCache full:https://registry.npmmirror.com/strip-ansi dispose
104 http cache https://registry.npmmirror.com/is-fullwidth-code-point 27ms (cache hit)
105 silly packumentCache full:https://registry.npmmirror.com/is-fullwidth-code-point set size:12890 disposed:false
106 silly placeDep ROOT strip-ansi@6.0.1 OK for: cliui@7.0.4 want: ^6.0.0
107 silly placeDep ROOT wrap-ansi@7.0.0 OK for: cliui@7.0.4 want: ^7.0.0
108 silly fetch manifest ansi-regex@^5.0.1
109 silly packumentCache full:https://registry.npmmirror.com/ansi-regex cache-miss
110 silly fetch manifest ansi-styles@^4.0.0
111 silly packumentCache full:https://registry.npmmirror.com/ansi-styles cache-miss
112 http cache https://registry.npmmirror.com/ansi-regex 13ms (cache hit)
113 silly packumentCache full:https://registry.npmmirror.com/ansi-regex set size:40160 disposed:false
114 http cache https://registry.npmmirror.com/ansi-styles 14ms (cache hit)
115 silly packumentCache full:https://registry.npmmirror.com/ansi-styles set size:58599 disposed:false
116 silly placeDep ROOT emoji-regex@8.0.0 OK for: string-width@4.2.3 want: ^8.0.0
117 silly placeDep ROOT is-fullwidth-code-point@3.0.0 OK for: string-width@4.2.3 want: ^3.0.0
118 silly placeDep ROOT ansi-regex@5.0.1 OK for: strip-ansi@6.0.1 want: ^5.0.1
119 silly placeDep ROOT ansi-styles@4.3.0 OK for: wrap-ansi@7.0.0 want: ^4.0.0
120 silly fetch manifest color-convert@^2.0.1
121 silly packumentCache full:https://registry.npmmirror.com/color-convert cache-miss
122 http cache https://registry.npmmirror.com/color-convert 8ms (cache hit)
123 silly packumentCache full:https://registry.npmmirror.com/color-convert set size:68349 disposed:false
124 silly placeDep ROOT color-convert@2.0.1 OK for: ansi-styles@4.3.0 want: ^2.0.1
125 silly fetch manifest color-name@~1.1.4
126 silly packumentCache full:https://registry.npmmirror.com/color-name cache-miss
127 http cache https://registry.npmmirror.com/color-name 6ms (cache hit)
128 silly packumentCache full:https://registry.npmmirror.com/color-name set size:18706 disposed:false
129 silly placeDep ROOT color-name@1.1.4 OK for: color-convert@2.0.1 want: ~1.1.4
130 silly reify moves {}
131 http cache color-convert@https://registry.npmmirror.com/color-convert/-/color-convert-2.0.1.tgz 0ms (cache hit)
132 http cache color-name@https://registry.npmmirror.com/color-name/-/color-name-1.1.4.tgz 0ms (cache hit)
133 http cache emoji-regex@https://registry.npmmirror.com/emoji-regex/-/emoji-regex-8.0.0.tgz 0ms (cache hit)
134 http cache ansi-styles@https://registry.npmmirror.com/ansi-styles/-/ansi-styles-4.3.0.tgz 0ms (cache hit)
135 http cache ansi-regex@https://registry.npmmirror.com/ansi-regex/-/ansi-regex-5.0.1.tgz 0ms (cache hit)
136 http cache is-fullwidth-code-point@https://registry.npmmirror.com/is-fullwidth-code-point/-/is-fullwidth-code-point-3.0.0.tgz 0ms (cache hit)
137 http cache yargs-parser@https://registry.npmmirror.com/yargs-parser/-/yargs-parser-20.2.9.tgz 0ms (cache hit)
138 http cache wrap-ansi@https://registry.npmmirror.com/wrap-ansi/-/wrap-ansi-7.0.0.tgz 0ms (cache hit)
139 http cache strip-ansi@https://registry.npmmirror.com/strip-ansi/-/strip-ansi-6.0.1.tgz 0ms (cache hit)
140 http cache y18n@https://registry.npmmirror.com/y18n/-/y18n-5.0.8.tgz 0ms (cache hit)
141 http cache string-width@https://registry.npmmirror.com/string-width/-/string-width-4.2.3.tgz 0ms (cache hit)
142 http cache get-caller-file@https://registry.npmmirror.com/get-caller-file/-/get-caller-file-2.0.5.tgz 0ms (cache hit)
143 http cache require-directory@https://registry.npmmirror.com/require-directory/-/require-directory-2.1.1.tgz 0ms (cache hit)
144 http cache escalade@https://registry.npmmirror.com/escalade/-/escalade-3.2.0.tgz 0ms (cache hit)
145 http cache cliui@https://registry.npmmirror.com/cliui/-/cliui-7.0.4.tgz 0ms (cache hit)
146 http cache follow-redirects@https://registry.npmmirror.com/follow-redirects/-/follow-redirects-1.16.0.tgz 0ms (cache hit)
147 http cache debug@https://registry.npmmirror.com/debug/-/debug-4.3.2.tgz 0ms (cache hit)
148 http cache ms@https://registry.npmmirror.com/ms/-/ms-2.1.2.tgz 0ms (cache hit)
149 silly tarball no local data for color-convert@https://registry.npmmirror.com/color-convert/-/color-convert-2.0.1.tgz. Extracting by manifest.
150 http cache yargs@https://registry.npmmirror.com/yargs/-/yargs-17.1.1.tgz 0ms (cache hit)
151 http cache openurl@https://registry.npmmirror.com/openurl/-/openurl-1.1.1.tgz 0ms (cache hit)
152 silly tarball no local data for color-name@https://registry.npmmirror.com/color-name/-/color-name-1.1.4.tgz. Extracting by manifest.
153 silly tarball no local data for emoji-regex@https://registry.npmmirror.com/emoji-regex/-/emoji-regex-8.0.0.tgz. Extracting by manifest.
154 http cache localtunnel@https://registry.npmmirror.com/localtunnel/-/localtunnel-2.0.2.tgz 0ms (cache hit)
155 silly tarball no local data for ansi-styles@https://registry.npmmirror.com/ansi-styles/-/ansi-styles-4.3.0.tgz. Extracting by manifest.
156 silly tarball no local data for ansi-regex@https://registry.npmmirror.com/ansi-regex/-/ansi-regex-5.0.1.tgz. Extracting by manifest.
157 http cache axios@https://registry.npmmirror.com/axios/-/axios-0.21.4.tgz 0ms (cache hit)
158 silly tarball no local data for is-fullwidth-code-point@https://registry.npmmirror.com/is-fullwidth-code-point/-/is-fullwidth-code-point-3.0.0.tgz. Extracting by manifest.
159 silly tarball no local data for yargs-parser@https://registry.npmmirror.com/yargs-parser/-/yargs-parser-20.2.9.tgz. Extracting by manifest.
160 silly tarball no local data for wrap-ansi@https://registry.npmmirror.com/wrap-ansi/-/wrap-ansi-7.0.0.tgz. Extracting by manifest.
161 silly tarball no local data for strip-ansi@https://registry.npmmirror.com/strip-ansi/-/strip-ansi-6.0.1.tgz. Extracting by manifest.
162 silly tarball no local data for y18n@https://registry.npmmirror.com/y18n/-/y18n-5.0.8.tgz. Extracting by manifest.
163 silly tarball no local data for string-width@https://registry.npmmirror.com/string-width/-/string-width-4.2.3.tgz. Extracting by manifest.
164 silly tarball no local data for get-caller-file@https://registry.npmmirror.com/get-caller-file/-/get-caller-file-2.0.5.tgz. Extracting by manifest.
165 silly tarball no local data for require-directory@https://registry.npmmirror.com/require-directory/-/require-directory-2.1.1.tgz. Extracting by manifest.
166 silly tarball no local data for escalade@https://registry.npmmirror.com/escalade/-/escalade-3.2.0.tgz. Extracting by manifest.
167 silly tarball no local data for cliui@https://registry.npmmirror.com/cliui/-/cliui-7.0.4.tgz. Extracting by manifest.
168 silly tarball no local data for follow-redirects@https://registry.npmmirror.com/follow-redirects/-/follow-redirects-1.16.0.tgz. Extracting by manifest.
169 silly tarball no local data for debug@https://registry.npmmirror.com/debug/-/debug-4.3.2.tgz. Extracting by manifest.
170 silly tarball no local data for ms@https://registry.npmmirror.com/ms/-/ms-2.1.2.tgz. Extracting by manifest.
171 silly tarball no local data for yargs@https://registry.npmmirror.com/yargs/-/yargs-17.1.1.tgz. Extracting by manifest.
172 silly tarball no local data for openurl@https://registry.npmmirror.com/openurl/-/openurl-1.1.1.tgz. Extracting by manifest.
173 silly tarball no local data for localtunnel@https://registry.npmmirror.com/localtunnel/-/localtunnel-2.0.2.tgz. Extracting by manifest.
174 silly tarball no local data for axios@https://registry.npmmirror.com/axios/-/axios-0.21.4.tgz. Extracting by manifest.
175 http fetch GET 200 https://cdn.npmmirror.com/packages/ansi-styles/4.3.0/ansi-styles-4.3.0.tgz 339ms (cache miss)
176 http fetch GET 200 https://cdn.npmmirror.com/packages/ansi-regex/5.0.1/ansi-regex-5.0.1.tgz 341ms (cache miss)
177 http fetch GET 200 https://cdn.npmmirror.com/packages/color-convert/2.0.1/color-convert-2.0.1.tgz 348ms (cache miss)
178 http fetch GET 200 https://cdn.npmmirror.com/packages/require-directory/2.1.1/require-directory-2.1.1.tgz 346ms (cache miss)
179 http fetch GET 200 https://cdn.npmmirror.com/packages/string-width/4.2.3/string-width-4.2.3.tgz 349ms (cache miss)
180 http fetch GET 200 https://cdn.npmmirror.com/packages/wrap-ansi/7.0.0/wrap-ansi-7.0.0.tgz 353ms (cache miss)
181 http fetch GET 200 https://cdn.npmmirror.com/packages/strip-ansi/6.0.1/strip-ansi-6.0.1.tgz 354ms (cache miss)
182 http fetch GET 200 https://cdn.npmmirror.com/packages/ms/2.1.2/ms-2.1.2.tgz 355ms (cache miss)
183 http fetch GET 200 https://cdn.npmmirror.com/packages/escalade/3.2.0/escalade-3.2.0.tgz 359ms (cache miss)
184 http fetch GET 200 https://cdn.npmmirror.com/packages/openurl/1.1.1/openurl-1.1.1.tgz 352ms (cache miss)
185 http fetch GET 200 https://cdn.npmmirror.com/packages/is-fullwidth-code-point/3.0.0/is-fullwidth-code-point-3.0.0.tgz 385ms (cache miss)
186 http fetch GET 200 https://cdn.npmmirror.com/packages/localtunnel/2.0.2/localtunnel-2.0.2.tgz 363ms (cache miss)
187 http fetch GET 200 https://cdn.npmmirror.com/packages/color-name/1.1.4/color-name-1.1.4.tgz 390ms (cache miss)
188 http fetch GET 200 https://cdn.npmmirror.com/packages/get-caller-file/2.0.5/get-caller-file-2.0.5.tgz 392ms (cache miss)
189 http fetch GET 200 https://cdn.npmmirror.com/packages/follow-redirects/1.16.0/follow-redirects-1.16.0.tgz 422ms (cache miss)
190 http fetch GET 200 https://cdn.npmmirror.com/packages/emoji-regex/8.0.0/emoji-regex-8.0.0.tgz 442ms (cache miss)
191 http fetch GET 200 https://cdn.npmmirror.com/packages/debug/4.3.2/debug-4.3.2.tgz 439ms (cache miss)
192 http fetch GET 200 https://cdn.npmmirror.com/packages/cliui/7.0.4/cliui-7.0.4.tgz 442ms (cache miss)
193 http fetch GET 200 https://cdn.npmmirror.com/packages/y18n/5.0.8/y18n-5.0.8.tgz 463ms (cache miss)
194 http fetch GET 200 https://cdn.npmmirror.com/packages/yargs-parser/20.2.9/yargs-parser-20.2.9.tgz 486ms (cache miss)
195 http fetch GET 200 https://cdn.npmmirror.com/packages/axios/0.21.4/axios-0.21.4.tgz 621ms (cache miss)
196 http fetch GET 200 https://cdn.npmmirror.com/packages/yargs/17.1.1/yargs-17.1.1.tgz 664ms (cache miss)
197 silly ADD node_modules/color-name
198 silly ADD node_modules/color-convert
199 silly ADD node_modules/ansi-styles
200 silly ADD node_modules/ansi-regex
201 silly ADD node_modules/is-fullwidth-code-point
202 silly ADD node_modules/emoji-regex
203 silly ADD node_modules/wrap-ansi
204 silly ADD node_modules/strip-ansi
205 silly ADD node_modules/yargs-parser
206 silly ADD node_modules/y18n
207 silly ADD node_modules/string-width
208 silly ADD node_modules/require-directory
209 silly ADD node_modules/get-caller-file
210 silly ADD node_modules/escalade
211 silly ADD node_modules/cliui
212 silly ADD node_modules/ms
213 silly ADD node_modules/follow-redirects
214 silly ADD node_modules/yargs
215 silly ADD node_modules/openurl
216 silly ADD node_modules/debug
217 silly ADD node_modules/axios
218 silly ADD node_modules/localtunnel
219 verbose cwd G:\linshicunchuqu\人工智能C语言考试模拟系统
220 verbose os Windows_NT 10.0.26200
221 verbose node v25.2.1
222 verbose npm  v11.6.2
223 verbose exit 0
224 info ok
