0 verbose cli C:\Program Files\nodejs\node.exe C:\Program Files\nodejs\node_modules\npm\bin\npm-cli.js
1 info using npm@11.6.2
2 info using node@v25.2.1
3 silly config load:file:C:\Program Files\nodejs\node_modules\npm\npmrc
4 silly config load:file:G:\linshicunchuqu\人工智能C语言考试模拟系统\.npm-tools\.npmrc
5 silly config load:file:C:\Users\Lenovo\.npmrc
6 silly config load:file:G:\linshicunchuqu\人工智能C语言考试模拟系统\.npm-tools\etc\npmrc
7 verbose title npm install ws
8 verbose argv "install" "ws" "--prefix" "G:\\linshicunchuqu\\人工智能C语言考试模拟系统\\.npm-tools" "--cache" "G:\\linshicunchuqu\\人工智能C语言考试模拟系统\\.npm-cache"
9 verbose logfile logs-max:10 dir:G:\linshicunchuqu\人工智能C语言考试模拟系统\.npm-cache\_logs\2026-06-22T07_26_54_361Z-
10 verbose logfile G:\linshicunchuqu\人工智能C语言考试模拟系统\.npm-cache\_logs\2026-06-22T07_26_54_361Z-debug-0.log
11 silly logfile done cleaning log files
12 silly packumentCache heap:4496293888 maxSize:1124073472 maxEntrySize:562036736
13 silly idealTree buildDeps
14 silly fetch manifest ws@*
15 silly packumentCache full:https://registry.npmmirror.com/ws cache-miss
16 http fetch GET 200 https://registry.npmmirror.com/ws 129ms (cache miss)
17 silly packumentCache full:https://registry.npmmirror.com/ws set size:94945 disposed:false
18 silly fetch manifest bufferutil@^4.0.1
19 silly packumentCache full:https://registry.npmmirror.com/bufferutil cache-miss
20 http fetch GET 200 https://registry.npmmirror.com/bufferutil 37ms (cache miss)
21 silly packumentCache full:https://registry.npmmirror.com/bufferutil set size:11537 disposed:false
22 silly fetch manifest utf-8-validate@>=5.0.2
23 silly packumentCache full:https://registry.npmmirror.com/utf-8-validate cache-miss
24 http fetch GET 200 https://registry.npmmirror.com/utf-8-validate 30ms (cache miss)
25 silly packumentCache full:https://registry.npmmirror.com/utf-8-validate set size:17208 disposed:false
26 silly placeDep ROOT ws@8.21.0 OK for:  want: *
27 silly reify moves {}
28 silly audit bulk request {
28 silly audit   'agent-browser': [ '0.29.1' ],
28 silly audit   'ansi-regex': [ '5.0.1' ],
28 silly audit   'ansi-styles': [ '4.3.0' ],
28 silly audit   axios: [ '0.21.4' ],
28 silly audit   cliui: [ '7.0.4' ],
28 silly audit   'color-convert': [ '2.0.1' ],
28 silly audit   'color-name': [ '1.1.4' ],
28 silly audit   debug: [ '4.3.2' ],
28 silly audit   'emoji-regex': [ '8.0.0' ],
28 silly audit   escalade: [ '3.2.0' ],
28 silly audit   'follow-redirects': [ '1.16.0' ],
28 silly audit   'get-caller-file': [ '2.0.5' ],
28 silly audit   'is-fullwidth-code-point': [ '3.0.0' ],
28 silly audit   localtunnel: [ '2.0.2' ],
28 silly audit   ms: [ '2.1.2' ],
28 silly audit   openurl: [ '1.1.1' ],
28 silly audit   'require-directory': [ '2.1.1' ],
28 silly audit   'string-width': [ '4.2.3' ],
28 silly audit   'strip-ansi': [ '6.0.1' ],
28 silly audit   'wrap-ansi': [ '7.0.0' ],
28 silly audit   y18n: [ '5.0.8' ],
28 silly audit   yargs: [ '17.1.1' ],
28 silly audit   'yargs-parser': [ '20.2.9' ],
28 silly audit   ws: [ '8.21.0' ]
28 silly audit }
29 http cache ws@https://registry.npmmirror.com/ws/-/ws-8.21.0.tgz 0ms (cache hit)
30 silly tarball no local data for ws@https://registry.npmmirror.com/ws/-/ws-8.21.0.tgz. Extracting by manifest.
31 http fetch POST 404 https://registry.npmmirror.com/-/npm/v1/security/advisories/bulk 16ms
32 verbose audit error HttpErrorGeneral: 404 Not Found - POST https://registry.npmmirror.com/-/npm/v1/security/advisories/bulk - [NOT_IMPLEMENTED] /-/npm/v1/security/* not implemented yet
32 verbose audit error     at C:\Program Files\nodejs\node_modules\npm\node_modules\npm-registry-fetch\lib\check-response.js:103:15
32 verbose audit error     at process.processTicksAndRejections (node:internal/process/task_queues:103:5)
32 verbose audit error     at async #getReport (C:\Program Files\nodejs\node_modules\npm\node_modules\@npmcli\arborist\lib\audit-report.js:275:19)
32 verbose audit error     at async AuditReport.run (C:\Program Files\nodejs\node_modules\npm\node_modules\@npmcli\arborist\lib\audit-report.js:100:19) {
32 verbose audit error   headers: [Object: null prototype] {
32 verbose audit error     server: [ 'Tengine' ],
32 verbose audit error     date: [ 'Mon, 22 Jun 2026 07:26:58 GMT' ],
32 verbose audit error     'content-type': [ 'application/json' ],
32 verbose audit error     'transfer-encoding': [ 'chunked' ],
32 verbose audit error     connection: [ 'keep-alive' ],
32 verbose audit error     'strict-transport-security': [ 'max-age=5184000' ],
32 verbose audit error     via: [ 'kunlun2.cn8966[,404666]' ],
32 verbose audit error     'timing-allow-origin': [ '*' ],
32 verbose audit error     eagleid: [ '701ddd0717821132182758433e' ],
32 verbose audit error     'x-fetch-attempts': [ '1' ]
32 verbose audit error   },
32 verbose audit error   statusCode: 404,
32 verbose audit error   code: 'E404',
32 verbose audit error   method: 'POST',
32 verbose audit error   uri: 'https://registry.npmmirror.com/-/npm/v1/security/advisories/bulk',
32 verbose audit error   body: {
32 verbose audit error     error: '[NOT_IMPLEMENTED] /-/npm/v1/security/* not implemented yet'
32 verbose audit error   },
32 verbose audit error   pkgid: undefined
32 verbose audit error }
33 silly audit error [object Object]
34 silly audit report null
35 http fetch GET 200 https://cdn.npmmirror.com/packages/ws/8.21.0/ws-8.21.0.tgz 186ms (cache miss)
36 silly ADD node_modules/ws
37 verbose cwd G:\linshicunchuqu\人工智能C语言考试模拟系统
38 verbose os Windows_NT 10.0.26200
39 verbose node v25.2.1
40 verbose npm  v11.6.2
41 verbose exit 0
42 info ok
